// Jest Snapshot v1, https://goo.gl/fbAQLP

exports[`<InputSearch /> should match snapshot 1`] = `
<input
  class="sc-bdnxRM fsJqKP"
  placeholder="Do your research"
  type="search"
  value=""
/>
`;
