// Jest Snapshot v1, https://goo.gl/fbAQLP

exports[`<Button /> should match snapshot 1`] = `
<button
  class="sc-bdnxRM iAJVeZ"
>
  Load more posts
</button>
`;
